// Jest Snapshot v1, https://goo.gl/fbAQLP

exports[`renders search box 1`] = `
<div>
  <div
    className="input-group"
  >
    <span
      className="input-group-text"
    >
      <img
        alt="Search icon"
        src="data:image/png;base64,iVBORw0KGgoAAAANSUhEUgAAABAAAAAQCAYAAAAf8
 /9hAAAAAXNSR0IArs4c6QAAAQ1JREFUOE+d078rhlEYxvHPSwabMluVgfJHGAw2WcQkpchk4FWKjUFJJJQSSdnY/QdKySL
 /gcIiKXTred4eT8+Pek+d5Vx33/u6r3NOQ/nqwHeF/ic1cgW9WEIfvtCFHxzhtgiWBfRjCyt4yBR3o4l3bOYhKSA6XWEar
 yW2V3GHm6yeAiYTy5cVM0eTM0wUAWLGBXzUhLaHZbyldamDU0zVJY51nOA5D9jFGl5qIMeYzzpNHYxgADsVgJ5Ej6BbK3uN
 59jAYwEkHlV038Z9GSA6HOIaF/hMCgeT8YYSwH4ZIM6j0zhG0ZnsJ0T6YzjAIiKzwqdcdxEzeUj+L9QBQv8HaQcQkDkMY7Z
 dQMvpL1evLxHmgIo1AAAAAElFTkSuQmCC"
      />
    </span>
    <div
      className="rbt has-aux"
      style={
        Object {
          "outline": "none",
          "position": "relative",
        }
      }
      tabIndex={-1}
    >
      <div
        style={
          Object {
            "display": "flex",
            "flex": 1,
            "height": "100%",
            "position": "relative",
          }
        }
      >
        <input
          aria-autocomplete="both"
          aria-expanded={false}
          aria-haspopup="listbox"
          autoComplete="off"
          className="rbt-input-main form-control rbt-input"
          onBlur={[Function]}
          onChange={[Function]}
          onClick={[Function]}
          onFocus={[Function]}
          onKeyDown={[Function]}
          placeholder="Search"
          role="combobox"
          type="text"
          value=""
        />
        <input
          aria-hidden={true}
          className="rbt-input-hint"
          readOnly={true}
          style={
            Object {
              "backgroundColor": "transparent",
              "borderColor": "transparent",
              "boxShadow": "none",
              "color": "rgba(0, 0, 0, 0.54)",
              "left": 0,
              "pointerEvents": "none",
              "position": "absolute",
              "top": 0,
              "width": "100%",
            }
          }
          tabIndex={-1}
          value=""
        />
      </div>
      <div
        className="rbt-aux"
      >
        <div
          className="rbt-loader spinner-border spinner-border-sm"
          role="status"
        >
          <span
            className="sr-only visually-hidden"
          >
            Loading...
          </span>
        </div>
      </div>
    </div>
  </div>
</div>
`;
